
<--- Last few GCs --->

[75799:0xb18800000]    75807 ms: Scavenge 2034.1 (2083.9) -> 2030.5 (2084.1) MB, 2.38 / 0.00 ms  (average mu = 0.318, current mu = 0.411) allocation failure; 
[75799:0xb18800000]    75811 ms: Scavenge 2034.5 (2084.1) -> 2030.8 (2084.1) MB, 2.29 / 0.00 ms  (average mu = 0.318, current mu = 0.411) allocation failure; 
[75799:0xb18800000]    75822 ms: Scavenge 2034.6 (2084.1) -> 2030.9 (2092.1) MB, 9.08 / 0.00 ms  (average mu = 0.318, current mu = 0.411) allocation failure; 


<--- JS stacktrace --->

FATAL ERROR: Ineffective mark-compacts near heap limit Allocation failed - JavaScript heap out of memory
----- Native stack trace -----

 1: 0x10437c1b4 node::OOMErrorHandler(char const*, v8::OOMDetails const&) [/Users/anshikaseth/.nvm/versions/node/v20.20.2/bin/node]
 2: 0x10452aee0 v8::internal::V8::FatalProcessOutOfMemory(v8::internal::Isolate*, char const*, v8::OOMDetails const&) [/Users/anshikaseth/.nvm/versions/node/v20.20.2/bin/node]
 3: 0x104738904 v8::internal::Heap::GarbageCollectionReasonToString(v8::internal::GarbageCollectionReason) [/Users/anshikaseth/.nvm/versions/node/v20.20.2/bin/node]
 4: 0x10473c400 v8::internal::Heap::CollectGarbageShared(v8::internal::LocalHeap*, v8::internal::GarbageCollectionReason) [/Users/anshikaseth/.nvm/versions/node/v20.20.2/bin/node]
 5: 0x10473927c v8::internal::Heap::PerformGarbageCollection(v8::internal::GarbageCollector, v8::internal::GarbageCollectionReason, char const*) [/Users/anshikaseth/.nvm/versions/node/v20.20.2/bin/node]
 6: 0x104736df8 v8::internal::Heap::CollectGarbage(v8::internal::AllocationSpace, v8::internal::GarbageCollectionReason, v8::GCCallbackFlags) [/Users/anshikaseth/.nvm/versions/node/v20.20.2/bin/node]
 7: 0x10472d108 v8::internal::HeapAllocator::AllocateRawWithLightRetrySlowPath(int, v8::internal::AllocationType, v8::internal::AllocationOrigin, v8::internal::AllocationAlignment) [/Users/anshikaseth/.nvm/versions/node/v20.20.2/bin/node]
 8: 0x10472d960 v8::internal::HeapAllocator::AllocateRawWithRetryOrFailSlowPath(int, v8::internal::AllocationType, v8::internal::AllocationOrigin, v8::internal::AllocationAlignment) [/Users/anshikaseth/.nvm/versions/node/v20.20.2/bin/node]
 9: 0x104711e0c v8::internal::Factory::NewFillerObject(int, v8::internal::AllocationAlignment, v8::internal::AllocationType, v8::internal::AllocationOrigin) [/Users/anshikaseth/.nvm/versions/node/v20.20.2/bin/node]
10: 0x104b200d0 v8::internal::Runtime_AllocateInYoungGeneration(int, unsigned long*, v8::internal::Isolate*) [/Users/anshikaseth/.nvm/versions/node/v20.20.2/bin/node]
11: 0x104eb4fe4 Builtins_CEntry_Return1_ArgvOnStack_NoBuiltinExit [/Users/anshikaseth/.nvm/versions/node/v20.20.2/bin/node]
12: 0x10e8e0c60 
13: 0x10eaebc20 
14: 0x10eaed9c8 
15: 0x10eb76d60 
16: 0x10e78db6c 
17: 0x10eb6dd00 
18: 0x10e8323a0 
19: 0x10eaf33ac 
20: 0x10eb78ad4 
21: 0x10e8322e0 
22: 0x10eaf33ac 
23: 0x10eb78ad4 
24: 0x10eb6e1a8 
25: 0x10e8323a0 
26: 0x10eaf33ac 
27: 0x10eb78ad4 
28: 0x10e8322e0 
29: 0x10eaf33ac 
30: 0x10eb78ad4 
31: 0x10eb6e1a8 
32: 0x10e8323a0 
33: 0x10eaf33ac 
34: 0x10eb78ad4 
35: 0x10e8322e0 
36: 0x10eaf33ac 
37: 0x10eb78ad4 
38: 0x10eb6e1a8 
39: 0x10e8323a0 
40: 0x10eaf33ac 
41: 0x10eb78ad4 
42: 0x10e8322e0 
43: 0x10eaf33ac 
44: 0x10eb78ad4 
45: 0x10eb6e1a8 
46: 0x10e8323a0 
47: 0x10eaf33ac 
48: 0x10eb78ad4 
49: 0x10e8322e0 
50: 0x10eaf33ac 
51: 0x10eb78ad4 
52: 0x10eb6e1a8 
53: 0x10e8323a0 
54: 0x10eaf33ac 
55: 0x10eb78ad4 
56: 0x10e8322e0 
57: 0x10eaf33ac 
58: 0x10eb78ad4 
59: 0x10eb6e1a8 
60: 0x10e8323a0 
61: 0x10eaf33ac 
62: 0x10eb78ad4 
63: 0x10e8322e0 
64: 0x10eaf33ac 
65: 0x10e757964 
66: 0x10e799a98 
67: 0x10e8323a0 
68: 0x10eaf33ac 
69: 0x10e757964 
70: 0x10e8322e0 
71: 0x10eaf33ac 
72: 0x10e757964 
73: 0x10e799a98 
74: 0x10e8323a0 
75: 0x10eaf33ac 
76: 0x10e757964 
77: 0x10e8322e0 
78: 0x10eaf33ac 
79: 0x10e757964 
80: 0x10e799a98 
81: 0x10e8323a0 
82: 0x10eaf33ac 
83: 0x10e757964 
84: 0x10e8322e0 
85: 0x10eaf33ac 
86: 0x10e757964 
87: 0x10e8322e0 
88: 0x10eaf33ac 
89: 0x10e757964 
90: 0x10e799a98 
91: 0x10e8323a0 
92: 0x10eaf33ac 
93: 0x10e757964 
94: 0x10e8322e0 
95: 0x10eaf33ac 
96: 0x10e757964 
97: 0x10e799a98 
98: 0x10e8323a0 
99: 0x10eaf33ac 
100: 0x10e757964 
101: 0x10e8322e0 
102: 0x10eaf33ac 
103: 0x10e757964 
104: 0x10e78a134 
105: 0x10e756fd0 
106: 0x104e2c3e4 Builtins_InterpreterEntryTrampoline [/Users/anshikaseth/.nvm/versions/node/v20.20.2/bin/node]
107: 0x10e8322e0 
108: 0x10eaf33ac 
109: 0x10eafa31c 
110: 0x10e78a134 
111: 0x10eafa338 
112: 0x10e833700 
113: 0x10e832610 
114: 0x10eaf33ac 
115: 0x10eafa31c 
116: 0x10eaeda6c 
117: 0x10eafa20c 
118: 0x10e799a98 
119: 0x10e8323a0 
120: 0x10eaf33ac 
121: 0x10eafa31c 
122: 0x10e8322e0 
123: 0x10eaf33ac 
124: 0x10eafa31c 
125: 0x10e5a12a4 
126: 0x10e739b34 
127: 0x10e763e30 
128: 0x10e739920 
129: 0x10eac8ac4 
130: 0x10e6cc810 
131: 0x10e6caee8 
132: 0x10e72e784 
133: 0x10e46daac 
134: 0x10e6af44c 
135: 0x10e6b2288 
136: 0x10e7cbdd8 
137: 0x10e75ec38 
138: 0x10e72e668 
139: 0x10e46daac 
140: 0x10e6af44c 
141: 0x10e6b2288 
142: 0x10eaca81c 
143: 0x10e6cc810 
144: 0x10e6caee8 
145: 0x10e72e784 
146: 0x10e46daac 
147: 0x10e6af44c 
148: 0x10e6b2288 
149: 0x10e761ee4 
150: 0x10e6dedd4 
151: 0x10e75ec38 
152: 0x10e72e668 
153: 0x10e46daac 
154: 0x10e6af44c 
155: 0x10e6b2288 
156: 0x10eaca81c 
157: 0x10e6cc810 
158: 0x10e6caee8 
159: 0x10e72e784 
160: 0x10e46daac 
161: 0x10e6af44c 
162: 0x10e6b2288 
163: 0x10e761ee4 
164: 0x10e6dedd4 
165: 0x10e6dde20 
166: 0x10e72e668 
167: 0x10e46daac 
168: 0x10eb3472c 
169: 0x10e6b2288 
170: 0x10eaca81c 
171: 0x10e6cc810 
172: 0x10e6caee8 
173: 0x10e72e784 
174: 0x10e46daac 
175: 0x10eb3472c 
176: 0x10e6b2288 
177: 0x10e6c9864 
178: 0x10e6dedd4 
179: 0x10e6dde20 
180: 0x10e72e668 
181: 0x10e46daac 
182: 0x10eb3472c 
183: 0x10e6b2288 
184: 0x10eaca81c 
185: 0x10e6cc810 
186: 0x10e6caee8 
187: 0x10e72e784 
188: 0x10e46daac 
189: 0x10eb3472c 
190: 0x10e6b2288 
191: 0x10e6c9864 
192: 0x10e6dedd4 
193: 0x10e6dde20 
194: 0x10e72e668 
195: 0x10e46daac 
196: 0x10eb3472c 
197: 0x10e6b2288 
198: 0x10eaca81c 
199: 0x10e6cc810 
200: 0x10e6caee8 
201: 0x10e72e784 
202: 0x10e46daac 
203: 0x10eb3472c 
204: 0x10e6b2288 
205: 0x10e6c9864 
206: 0x10e6dedd4 
207: 0x10e6dde20 
208: 0x10e72e668 
209: 0x10e46daac 
210: 0x10eb3472c 
211: 0x10e6b2288 
212: 0x10eaca81c 
213: 0x10e6cc810 
214: 0x10e6caee8 
215: 0x10e72e784 
216: 0x10e46daac 
217: 0x10eb3472c 
218: 0x10e6b2288 
219: 0x10e6c9864 
220: 0x10e6dedd4 
221: 0x10e6dde20 
222: 0x10e72e668 
223: 0x10e46daac 
224: 0x10eb3472c 
225: 0x10e6b2288 
226: 0x10eaca81c 
227: 0x10e6cc810 
228: 0x10e6caee8 
229: 0x10e72e784 
230: 0x10e46daac 
231: 0x10eb3472c 
232: 0x10e6b2288 
233: 0x10e6c9864 
234: 0x10e6dedd4 
235: 0x10e6dde20 
236: 0x10e72e668 
237: 0x10e46daac 
238: 0x10eb3472c 
239: 0x10e6b2288 
240: 0x10eaca81c 
241: 0x10e6cc810 
242: 0x10e6caee8 
243: 0x10e72e784 
244: 0x10e46daac 
245: 0x10eb3472c 
246: 0x10e6b2288 
247: 0x10e6c9864 
248: 0x10e6dedd4 
249: 0x10e6dde20 
250: 0x10e72e668 
251: 0x10e46daac 
252: 0x10eb3472c 
253: 0x10e6b2288 
254: 0x10eaca81c 
255: 0x10e6cc810 
